case,method,seed,order,status,setup_ms,elapsed_us,probes,attempts,num_terms,den_terms
aajamp,CuytLeePruned,1,original,ok,4024.938,43895220.587,102603,1,23260,7231
component,1,20,873,53703
component,1,19,1038,2600
component,1,18,1005,0
component,1,17,931,0
component,1,16,819,0
component,1,15,701,0
component,1,14,573,0
component,1,13,459,0
component,1,12,360,0
component,1,11,272,0
component,1,10,200,0
component,1,9,0,0
component,1,8,0,0
component,1,7,0,0
component,1,6,0,0
component,1,5,0,0
component,1,4,0,0
component,1,3,0,0
component,1,2,0,0
component,1,1,0,0
component,1,0,0,0
component,0,30,1246,23002
component,0,29,1507,8070
component,0,28,2066,12296
component,0,27,2336,2716
component,0,26,2317,0
component,0,25,2253,0
component,0,24,2128,0
component,0,23,1939,0
component,0,22,1696,0
component,0,21,1459,0
component,0,20,1233,0
component,0,19,1022,0
component,0,18,830,0
component,0,17,654,0
component,0,16,497,0
component,0,15,77,0
component,0,14,0,0
component,0,13,0,0
component,0,12,0,0
component,0,11,0,0
component,0,10,0,0
component,0,9,0,0
component,0,8,0,0
component,0,7,0,0
component,0,6,0,0
component,0,5,0,0
component,0,4,0,0
component,0,3,0,0
component,0,2,0,0
component,0,1,0,0
component,0,0,0,0
