case,method,seed,order,status,setup_ms,elapsed_us,probes,attempts,num_terms,den_terms
coeff_prop_4l,CuytLeePruned,1,original,ok,82.942,4655553.272,19336,1,6671,6051
component,1,147,6,2114
component,1,146,9,301
component,0,154,6,0
component,1,145,10,299
component,0,153,9,0
component,1,144,11,297
component,0,152,11,0
component,1,143,12,295
component,0,151,12,0
component,1,142,13,293
component,0,150,13,0
component,1,141,14,291
component,0,149,14,0
component,1,140,15,289
component,0,148,15,0
component,1,139,16,287
component,0,147,16,0
component,1,138,17,285
component,0,146,17,0
component,1,137,18,283
component,0,145,18,0
component,1,136,19,281
component,0,144,19,0
component,1,135,20,279
component,0,143,20,0
component,1,134,21,277
component,0,142,21,0
component,1,133,22,275
component,0,141,22,0
component,1,132,23,273
component,0,140,23,0
component,1,131,24,271
component,0,139,24,0
component,1,130,25,269
component,0,138,25,0
component,1,129,26,267
component,0,137,26,0
component,1,128,27,265
component,0,136,27,0
component,1,127,28,263
component,0,135,28,0
component,1,126,29,261
component,0,134,29,0
component,1,125,30,259
component,0,133,30,0
component,1,124,31,257
component,0,132,31,0
component,1,123,32,255
component,0,131,32,0
component,1,122,33,253
component,0,130,33,0
component,1,121,34,251
component,0,129,34,0
component,1,120,35,249
component,0,128,35,0
component,1,119,36,247
component,0,127,36,0
component,1,118,37,245
component,0,126,37,0
component,1,117,38,243
component,0,125,38,0
component,1,116,39,241
component,0,124,39,0
component,1,115,40,239
component,0,123,40,0
component,1,114,41,237
component,0,122,41,0
component,1,113,42,235
component,0,121,42,0
component,1,112,43,233
component,0,120,43,0
component,1,111,44,231
component,0,119,44,0
component,1,110,45,229
component,0,118,45,0
component,1,109,46,227
component,0,117,46,0
component,1,108,47,225
component,0,116,47,0
component,1,107,48,223
component,0,115,48,0
component,1,106,49,221
component,0,114,49,0
component,1,105,50,219
component,0,113,50,0
component,1,104,51,217
component,0,112,51,0
component,1,103,52,215
component,0,111,52,0
component,1,102,53,213
component,0,110,53,0
component,1,101,54,211
component,0,109,54,0
component,1,100,55,209
component,0,108,55,0
component,1,99,56,207
component,0,107,56,0
component,1,98,57,205
component,0,106,57,0
component,1,97,58,203
component,0,105,58,0
component,1,96,59,201
component,0,104,59,0
component,1,95,60,199
component,0,103,60,0
component,1,94,61,197
component,0,102,61,0
component,1,93,62,195
component,0,101,62,0
component,1,92,63,193
component,0,100,63,0
component,1,91,64,191
component,0,99,64,0
component,1,90,65,189
component,0,98,65,0
component,1,89,66,187
component,0,97,66,0
component,1,88,67,185
component,0,96,67,0
component,1,87,68,183
component,0,95,68,0
component,1,86,69,181
component,0,94,69,0
component,1,85,70,179
component,0,93,70,0
component,1,84,71,177
component,0,92,71,0
component,1,83,72,175
component,0,91,72,0
component,1,82,73,173
component,0,90,73,0
component,1,81,74,171
component,0,89,74,0
component,1,80,75,169
component,0,88,75,0
component,1,79,76,167
component,0,87,76,0
component,1,78,77,165
component,0,86,77,0
component,1,77,76,163
component,1,76,77,0
component,1,75,76,0
component,1,74,75,0
component,1,73,74,0
component,1,72,73,0
component,1,71,72,0
component,1,70,71,0
component,1,69,70,0
component,1,68,69,0
component,1,67,68,0
component,1,66,67,0
component,1,65,66,0
component,1,64,65,0
component,1,63,64,0
component,1,62,63,0
component,1,61,62,0
component,1,60,61,0
component,1,59,60,0
component,1,58,59,0
component,1,57,58,0
component,1,56,57,0
component,1,55,56,0
component,1,54,55,0
component,1,53,54,0
component,1,52,53,0
component,1,51,52,0
component,1,50,51,0
component,1,49,50,0
component,1,48,49,0
component,1,47,48,0
component,1,46,47,0
component,1,45,46,0
component,1,44,45,0
component,1,43,44,0
component,1,42,43,0
component,1,41,42,0
component,1,40,41,0
component,1,39,40,0
component,1,38,39,0
component,1,37,38,0
component,1,36,37,0
component,1,35,36,0
component,1,34,35,0
component,1,33,34,0
component,1,32,33,0
component,1,31,32,0
component,1,30,31,0
component,1,29,30,0
component,1,28,29,0
component,1,27,28,0
component,1,26,27,0
component,1,25,26,0
component,1,24,25,0
component,1,23,24,0
component,1,22,23,0
component,1,21,22,0
component,1,20,21,0
component,1,19,20,0
component,1,18,19,0
component,1,17,18,0
component,1,16,17,0
component,1,15,16,0
component,1,14,15,0
component,1,13,14,0
component,1,12,13,0
component,1,11,12,0
component,1,10,11,0
component,1,9,10,0
component,1,8,9,0
component,1,7,8,0
component,1,6,7,0
component,1,5,6,0
component,1,4,5,0
component,1,3,4,0
component,1,2,3,0
component,1,1,2,0
component,1,0,0,0
component,0,85,78,0
component,0,84,78,85
component,0,83,79,84
component,0,82,79,83
component,0,81,80,82
component,0,80,79,0
component,0,79,79,0
component,0,78,79,0
component,0,77,78,0
component,0,76,77,0
component,0,75,76,0
component,0,74,75,0
component,0,73,74,0
component,0,72,73,0
component,0,71,72,0
component,0,70,71,0
component,0,69,70,0
component,0,68,69,0
component,0,67,68,0
component,0,66,67,0
component,0,65,66,0
component,0,64,65,0
component,0,63,64,0
component,0,62,63,0
component,0,61,62,0
component,0,60,61,0
component,0,59,60,0
component,0,58,59,0
component,0,57,58,0
component,0,56,57,0
component,0,55,56,0
component,0,54,55,0
component,0,53,54,0
component,0,52,53,0
component,0,51,52,0
component,0,50,51,0
component,0,49,50,0
component,0,48,49,0
component,0,47,48,0
component,0,46,47,0
component,0,45,46,0
component,0,44,45,0
component,0,43,44,0
component,0,42,43,0
component,0,41,42,0
component,0,40,41,0
component,0,39,40,0
component,0,38,39,0
component,0,37,38,0
component,0,36,37,0
component,0,35,36,0
component,0,34,35,0
component,0,33,34,0
component,0,32,33,0
component,0,31,32,0
component,0,30,31,0
component,0,29,30,0
component,0,28,29,0
component,0,27,28,0
component,0,26,27,0
component,0,25,26,0
component,0,24,25,0
component,0,23,24,0
component,0,22,23,0
component,0,21,22,0
component,0,20,21,0
component,0,19,20,0
component,0,18,19,0
component,0,17,18,0
component,0,16,17,0
component,0,15,16,0
component,0,14,15,0
component,0,13,14,0
component,0,12,13,0
component,0,11,12,0
component,0,10,11,0
component,0,9,10,0
component,0,8,9,0
component,0,7,8,0
component,0,6,7,0
component,0,5,6,0
component,0,4,5,0
component,0,3,4,0
component,0,2,2,0
component,0,1,0,0
component,0,0,0,0
