case,method,seed,order,status,setup_ms,elapsed_us,probes,attempts,num_terms,den_terms
firefly_f3,CuytLeePruned,1,original,ProbeLimit,55.875,75074981.103,200000,0,26333,3
component,1,50,1,0
component,1,49,0,0
component,1,48,0,0
component,1,47,0,0
component,1,46,0,0
component,1,45,0,0
component,1,44,0,0
component,1,43,0,0
component,1,42,0,0
component,1,41,0,0
component,1,40,0,0
component,1,39,0,0
component,1,38,0,0
component,1,37,0,0
component,1,36,0,0
component,1,35,0,0
component,1,34,0,0
component,1,33,0,0
component,1,32,0,0
