zero.1 ok 8
zero.7 ok 8
zero.19 ok 8
constant.1 ok 8
constant.7 ok 8
constant.19 ok 8
univariate.1 ok 9
univariate.7 ok 9
univariate.19 ok 9
mixed.1 ok 16
mixed.7 ok 16
mixed.19 ok 16
large.1 ok 134
large.7 ok 134
large.19 ok 134
trivariate.1 ok 27
trivariate.7 ok 27
trivariate.19 ok 27
order.1 ok 117
order.7 ok 117
order.19 ok 117
variables5.1 ok 72
variables5.7 ok 72
variables5.19 ok 72
variables6.1 ok 125
variables6.7 ok 125
variables6.19 ok 125
variables7.1 ok 226
variables7.7 ok 226
variables7.19 ok 226
variables8.1 ok 423
variables8.7 ok 423
variables8.19 ok 423
high_height.1.MAX_PRIMES-16 prime_limit 117
high_height.1.MAX_PRIMES-114 ok 784
large.1.MAX_TOTAL_PROBES probe_limit 1
large.1.MAX_PRIMES-0 prime_limit 0
large.1.MAX_PRIMES-2 prime_limit 24
large.1.BENCH_TIMEOUT time_limit 0
large.1.RARE_Q_CHECKER identity_check_failed 134
34 exact reconstructions, 6 adapter failure controls, 2 checker rejection controls passed
