    Checking cfg-if v1.0.4
    Checking libc v0.2.189
    Checking bytemuck v1.25.2
    Checking num-traits v0.2.19
    Checking once_cell v1.21.4
    Checking crossbeam-utils v0.8.23
    Checking zerocopy v0.8.56
    Checking serde_core v1.0.229
    Checking either v1.18.0
    Checking safe_arch v0.7.4
    Checking safe_arch v1.2.0
    Checking libm v0.2.16
    Checking crossbeam-epoch v0.9.21
    Checking wide v0.7.33
    Checking crossbeam-deque v0.8.8
    Checking num-complex v0.4.6
    Checking approx v0.5.1
    Checking rayon-core v1.13.0
    Checking wide v1.7.0
    Checking getrandom v0.3.4
    Checking rand_core v0.9.5
    Checking gmp-mpfr-sys v1.7.1
    Checking rayon v1.12.0
    Checking num-integer v0.1.47
    Checking tracing-core v0.1.36
    Checking alloc-no-stdlib v2.0.4
    Checking regex-syntax v0.8.11
    Checking lazy_static v1.5.0
    Checking az v1.3.0
    Checking winnow v1.0.4
    Checking smallvec v1.16.0
    Checking toml_parser v1.1.3+spec-1.1.0
    Checking simba v0.9.1
    Checking num-bigint v0.4.8
    Checking alloc-stdlib v0.2.4
    Checking regex-automata v0.4.18
    Checking serde_spanned v1.1.1
    Checking toml_datetime v1.1.1+spec-1.1.0
    Checking rug v1.30.0
    Checking zmij v1.0.23
    Checking anyhow v1.0.104
    Checking itertools v0.14.0
    Checking equivalent v1.0.2
    Checking colored v3.1.1
    Checking itoa v1.0.18
    Checking dyn-clone v1.0.20
    Checking toml_writer v1.1.2+spec-1.1.0
    Checking bitflags v1.3.2
    Checking option-ext v0.2.0
    Checking allocator-api2 v0.2.21
    Checking ppv-lite86 v0.2.21
    Checking ahash v0.8.12
    Checking foldhash v0.2.0
    Checking memchr v2.8.3
    Checking pin-project-lite v0.2.17
    Checking rand_chacha v0.9.0
    Checking log v0.4.34
    Checking rand v0.9.5
    Checking tracing-log v0.2.0
    Checking tracing v0.1.44
    Checking serde_json v1.0.151
    Checking hashbrown v0.16.1
    Checking toml v1.1.5+spec-1.1.0
    Checking dirs-sys v0.5.0
    Checking region v3.0.2
    Checking wasmtime-jit-icache-coherence v34.0.2
    Checking num-rational v0.4.2
    Checking libmimalloc-sys v0.1.49
    Checking serde v1.0.229
    Checking brotli-decompressor v5.0.3
    Checking matchers v0.2.0
    Checking sharded-slab v0.1.7
    Checking hugepage-rs v0.1.1
    Checking thread_local v1.1.10
    Checking spec_math v0.1.6
    Checking nu-ansi-term v0.50.3
    Checking static_assertions v1.1.0
    Checking smartstring v1.0.1
    Checking mimalloc v0.1.52
    Checking directories v6.0.0
    Checking libloading v0.9.0
    Checking append-only-vec v0.1.8
    Checking tracing-subscriber v0.3.23
    Checking ed25519-compact v2.4.2
    Checking inventory v0.3.24
    Checking byteorder v1.5.0
    Checking self_cell v1.3.0
    Checking data-encoding v2.11.1
    Checking tinyjson v2.5.1
    Checking bytes v1.12.1
    Checking brotli v8.0.4
    Checking xprec v0.2.2
    Checking symjit v2.25.6
    Checking numerica v3.0.0 (/common/dev/symbolica-reconstruction/lib/numerica)
    Checking graphica v3.0.0 (/common/dev/symbolica-reconstruction/lib/graphica)
    Checking symbolica v3.0.0 (/common/dev/symbolica-reconstruction)
    Finished `dev` profile [unoptimized] target(s) in 57.55s
