template.kira/integrals -> problems/box1l.kira/integrals
template.kira/run.sh -> problems/box1l.kira/run.sh
template.kira/preferred-masters -> problems/box1l.kira/preferred-masters
template.kira/jobs.yaml -> problems/box1l.kira/jobs.yaml
template.kira/config/kinematics.yaml -> problems/box1l.kira/config/kinematics.yaml
template.kira/config/integralfamilies.yaml -> problems/box1l.kira/config/integralfamilies.yaml
template.kira-firefly/integrals -> problems/box1l.kira-firefly/integrals
template.kira-firefly/run.sh -> problems/box1l.kira-firefly/run.sh
template.kira-firefly/jobs.yaml -> problems/box1l.kira-firefly/jobs.yaml
template.kira-firefly/preferred-masters -> problems/box1l.kira-firefly/preferred-masters
template.kira-firefly/config/kinematics.yaml -> problems/box1l.kira-firefly/config/kinematics.yaml
template.kira-firefly/config/integralfamilies.yaml -> problems/box1l.kira-firefly/config/integralfamilies.yaml
template.kira-ratracer/output-list -> problems/box1l.kira-ratracer/output-list
template.kira-ratracer/export.yaml -> problems/box1l.kira-ratracer/export.yaml
template.kira-ratracer/master-eqns -> problems/box1l.kira-ratracer/master-eqns
template.kira-ratracer/rat2mat -> problems/box1l.kira-ratracer/rat2mat
template.kira-ratracer/run.sh -> problems/box1l.kira-ratracer/run.sh
template.kira-ratracer/integrals -> problems/box1l.kira-ratracer/integrals
template.kira-ratracer/config/integralfamilies.yaml -> problems/box1l.kira-ratracer/config/integralfamilies.yaml
template.kira-ratracer/config/kinematics.yaml -> problems/box1l.kira-ratracer/config/kinematics.yaml
template.kira-ratracer-scan/output-list -> problems/box1l.kira-ratracer-scan/output-list
template.kira-ratracer-scan/master-eqns -> problems/box1l.kira-ratracer-scan/master-eqns
template.kira-ratracer-scan/export.yaml -> problems/box1l.kira-ratracer-scan/export.yaml
template.kira-ratracer-scan/integrals -> problems/box1l.kira-ratracer-scan/integrals
template.kira-ratracer-scan/rat2mat -> problems/box1l.kira-ratracer-scan/rat2mat
template.kira-ratracer-scan/run.sh -> problems/box1l.kira-ratracer-scan/run.sh
template.kira-ratracer-scan/config/kinematics.yaml -> problems/box1l.kira-ratracer-scan/config/kinematics.yaml
template.kira-ratracer-scan/config/integralfamilies.yaml -> problems/box1l.kira-ratracer-scan/config/integralfamilies.yaml
template.kira-ratracer-eps0/master-eqns -> problems/box1l.kira-ratracer-eps0/master-eqns
template.kira-ratracer-eps0/export.yaml -> problems/box1l.kira-ratracer-eps0/export.yaml
template.kira-ratracer-eps0/run.sh -> problems/box1l.kira-ratracer-eps0/run.sh
template.kira-ratracer-eps0/rat2mat -> problems/box1l.kira-ratracer-eps0/rat2mat
template.kira-ratracer-eps0/integrals -> problems/box1l.kira-ratracer-eps0/integrals
template.kira-ratracer-eps0/output-list -> problems/box1l.kira-ratracer-eps0/output-list
template.kira-ratracer-eps0/config/kinematics.yaml -> problems/box1l.kira-ratracer-eps0/config/kinematics.yaml
template.kira-ratracer-eps0/config/integralfamilies.yaml -> problems/box1l.kira-ratracer-eps0/config/integralfamilies.yaml
template.kira-ratracer-eps1/integrals -> problems/box1l.kira-ratracer-eps1/integrals
template.kira-ratracer-eps1/output-list -> problems/box1l.kira-ratracer-eps1/output-list
template.kira-ratracer-eps1/run.sh -> problems/box1l.kira-ratracer-eps1/run.sh
template.kira-ratracer-eps1/master-eqns -> problems/box1l.kira-ratracer-eps1/master-eqns
template.kira-ratracer-eps1/export.yaml -> problems/box1l.kira-ratracer-eps1/export.yaml
template.kira-ratracer-eps1/rat2mat -> problems/box1l.kira-ratracer-eps1/rat2mat
template.kira-ratracer-eps1/config/kinematics.yaml -> problems/box1l.kira-ratracer-eps1/config/kinematics.yaml
template.kira-ratracer-eps1/config/integralfamilies.yaml -> problems/box1l.kira-ratracer-eps1/config/integralfamilies.yaml
template.kira-ratracer-eps2/rat2mat -> problems/box1l.kira-ratracer-eps2/rat2mat
template.kira-ratracer-eps2/run.sh -> problems/box1l.kira-ratracer-eps2/run.sh
template.kira-ratracer-eps2/output-list -> problems/box1l.kira-ratracer-eps2/output-list
template.kira-ratracer-eps2/export.yaml -> problems/box1l.kira-ratracer-eps2/export.yaml
template.kira-ratracer-eps2/master-eqns -> problems/box1l.kira-ratracer-eps2/master-eqns
template.kira-ratracer-eps2/integrals -> problems/box1l.kira-ratracer-eps2/integrals
template.kira-ratracer-eps2/config/integralfamilies.yaml -> problems/box1l.kira-ratracer-eps2/config/integralfamilies.yaml
template.kira-ratracer-eps2/config/kinematics.yaml -> problems/box1l.kira-ratracer-eps2/config/kinematics.yaml
template.kira-ratracer-eps0-scan/run.sh -> problems/box1l.kira-ratracer-eps0-scan/run.sh
template.kira-ratracer-eps0-scan/output-list -> problems/box1l.kira-ratracer-eps0-scan/output-list
template.kira-ratracer-eps0-scan/rat2mat -> problems/box1l.kira-ratracer-eps0-scan/rat2mat
template.kira-ratracer-eps0-scan/integrals -> problems/box1l.kira-ratracer-eps0-scan/integrals
template.kira-ratracer-eps0-scan/master-eqns -> problems/box1l.kira-ratracer-eps0-scan/master-eqns
template.kira-ratracer-eps0-scan/export.yaml -> problems/box1l.kira-ratracer-eps0-scan/export.yaml
template.kira-ratracer-eps0-scan/config/integralfamilies.yaml -> problems/box1l.kira-ratracer-eps0-scan/config/integralfamilies.yaml
template.kira-ratracer-eps0-scan/config/kinematics.yaml -> problems/box1l.kira-ratracer-eps0-scan/config/kinematics.yaml
template.kira-ratracer-eps1-scan/master-eqns -> problems/box1l.kira-ratracer-eps1-scan/master-eqns
template.kira-ratracer-eps1-scan/export.yaml -> problems/box1l.kira-ratracer-eps1-scan/export.yaml
template.kira-ratracer-eps1-scan/run.sh -> problems/box1l.kira-ratracer-eps1-scan/run.sh
template.kira-ratracer-eps1-scan/rat2mat -> problems/box1l.kira-ratracer-eps1-scan/rat2mat
template.kira-ratracer-eps1-scan/integrals -> problems/box1l.kira-ratracer-eps1-scan/integrals
template.kira-ratracer-eps1-scan/output-list -> problems/box1l.kira-ratracer-eps1-scan/output-list
template.kira-ratracer-eps1-scan/config/integralfamilies.yaml -> problems/box1l.kira-ratracer-eps1-scan/config/integralfamilies.yaml
template.kira-ratracer-eps1-scan/config/kinematics.yaml -> problems/box1l.kira-ratracer-eps1-scan/config/kinematics.yaml
template.kira-ratracer-eps2-scan/run.sh -> problems/box1l.kira-ratracer-eps2-scan/run.sh
template.kira-ratracer-eps2-scan/integrals -> problems/box1l.kira-ratracer-eps2-scan/integrals
template.kira-ratracer-eps2-scan/output-list -> problems/box1l.kira-ratracer-eps2-scan/output-list
template.kira-ratracer-eps2-scan/export.yaml -> problems/box1l.kira-ratracer-eps2-scan/export.yaml
template.kira-ratracer-eps2-scan/master-eqns -> problems/box1l.kira-ratracer-eps2-scan/master-eqns
template.kira-ratracer-eps2-scan/rat2mat -> problems/box1l.kira-ratracer-eps2-scan/rat2mat
template.kira-ratracer-eps2-scan/config/kinematics.yaml -> problems/box1l.kira-ratracer-eps2-scan/config/kinematics.yaml
template.kira-ratracer-eps2-scan/config/integralfamilies.yaml -> problems/box1l.kira-ratracer-eps2-scan/config/integralfamilies.yaml
template.fire/run.sh -> problems/box1l.fire/run.sh
template.fire/step5.m -> problems/box1l.fire/step5.m
template.fire/step4.m -> problems/box1l.fire/step4.m
template.fire/preferred-masters -> problems/box1l.fire/preferred-masters
template.fire/step1.m -> problems/box1l.fire/step1.m
template.fire/fire.hint.config -> problems/box1l.fire/fire.hint.config
template.fire/integrals -> problems/box1l.fire/integrals
template.fire/step3.m -> problems/box1l.fire/step3.m
template.fire/step2.m -> problems/box1l.fire/step2.m
template.fire/fire.config -> problems/box1l.fire/fire.config
template.fire-nohint/fire.config -> problems/box1l.fire-nohint/fire.config
template.fire-nohint/step1.m -> problems/box1l.fire-nohint/step1.m
template.fire-nohint/integrals -> problems/box1l.fire-nohint/integrals
template.fire-nohint/step2.m -> problems/box1l.fire-nohint/step2.m
template.fire-nohint/step3.m -> problems/box1l.fire-nohint/step3.m
template.fire-nohint/preferred-masters -> problems/box1l.fire-nohint/preferred-masters
template.fire-nohint/step4.m -> problems/box1l.fire-nohint/step4.m
template.fire-nohint/run.sh -> problems/box1l.fire-nohint/run.sh
template.kira/integrals -> problems/box2l.kira/integrals
template.kira/run.sh -> problems/box2l.kira/run.sh
template.kira/preferred-masters -> problems/box2l.kira/preferred-masters
template.kira/jobs.yaml -> problems/box2l.kira/jobs.yaml
template.kira/config/kinematics.yaml -> problems/box2l.kira/config/kinematics.yaml
template.kira/config/integralfamilies.yaml -> problems/box2l.kira/config/integralfamilies.yaml
template.kira-firefly/integrals -> problems/box2l.kira-firefly/integrals
template.kira-firefly/run.sh -> problems/box2l.kira-firefly/run.sh
template.kira-firefly/jobs.yaml -> problems/box2l.kira-firefly/jobs.yaml
template.kira-firefly/preferred-masters -> problems/box2l.kira-firefly/preferred-masters
template.kira-firefly/config/kinematics.yaml -> problems/box2l.kira-firefly/config/kinematics.yaml
template.kira-firefly/config/integralfamilies.yaml -> problems/box2l.kira-firefly/config/integralfamilies.yaml
template.kira-ratracer/output-list -> problems/box2l.kira-ratracer/output-list
template.kira-ratracer/export.yaml -> problems/box2l.kira-ratracer/export.yaml
template.kira-ratracer/master-eqns -> problems/box2l.kira-ratracer/master-eqns
template.kira-ratracer/rat2mat -> problems/box2l.kira-ratracer/rat2mat
template.kira-ratracer/run.sh -> problems/box2l.kira-ratracer/run.sh
template.kira-ratracer/integrals -> problems/box2l.kira-ratracer/integrals
template.kira-ratracer/config/integralfamilies.yaml -> problems/box2l.kira-ratracer/config/integralfamilies.yaml
template.kira-ratracer/config/kinematics.yaml -> problems/box2l.kira-ratracer/config/kinematics.yaml
template.kira-ratracer-scan/output-list -> problems/box2l.kira-ratracer-scan/output-list
template.kira-ratracer-scan/master-eqns -> problems/box2l.kira-ratracer-scan/master-eqns
template.kira-ratracer-scan/export.yaml -> problems/box2l.kira-ratracer-scan/export.yaml
template.kira-ratracer-scan/integrals -> problems/box2l.kira-ratracer-scan/integrals
template.kira-ratracer-scan/rat2mat -> problems/box2l.kira-ratracer-scan/rat2mat
template.kira-ratracer-scan/run.sh -> problems/box2l.kira-ratracer-scan/run.sh
template.kira-ratracer-scan/config/kinematics.yaml -> problems/box2l.kira-ratracer-scan/config/kinematics.yaml
template.kira-ratracer-scan/config/integralfamilies.yaml -> problems/box2l.kira-ratracer-scan/config/integralfamilies.yaml
template.kira-ratracer-eps0/master-eqns -> problems/box2l.kira-ratracer-eps0/master-eqns
template.kira-ratracer-eps0/export.yaml -> problems/box2l.kira-ratracer-eps0/export.yaml
template.kira-ratracer-eps0/run.sh -> problems/box2l.kira-ratracer-eps0/run.sh
template.kira-ratracer-eps0/rat2mat -> problems/box2l.kira-ratracer-eps0/rat2mat
template.kira-ratracer-eps0/integrals -> problems/box2l.kira-ratracer-eps0/integrals
template.kira-ratracer-eps0/output-list -> problems/box2l.kira-ratracer-eps0/output-list
template.kira-ratracer-eps0/config/kinematics.yaml -> problems/box2l.kira-ratracer-eps0/config/kinematics.yaml
template.kira-ratracer-eps0/config/integralfamilies.yaml -> problems/box2l.kira-ratracer-eps0/config/integralfamilies.yaml
template.kira-ratracer-eps1/integrals -> problems/box2l.kira-ratracer-eps1/integrals
template.kira-ratracer-eps1/output-list -> problems/box2l.kira-ratracer-eps1/output-list
template.kira-ratracer-eps1/run.sh -> problems/box2l.kira-ratracer-eps1/run.sh
template.kira-ratracer-eps1/master-eqns -> problems/box2l.kira-ratracer-eps1/master-eqns
template.kira-ratracer-eps1/export.yaml -> problems/box2l.kira-ratracer-eps1/export.yaml
template.kira-ratracer-eps1/rat2mat -> problems/box2l.kira-ratracer-eps1/rat2mat
template.kira-ratracer-eps1/config/kinematics.yaml -> problems/box2l.kira-ratracer-eps1/config/kinematics.yaml
template.kira-ratracer-eps1/config/integralfamilies.yaml -> problems/box2l.kira-ratracer-eps1/config/integralfamilies.yaml
template.kira-ratracer-eps2/rat2mat -> problems/box2l.kira-ratracer-eps2/rat2mat
template.kira-ratracer-eps2/run.sh -> problems/box2l.kira-ratracer-eps2/run.sh
template.kira-ratracer-eps2/output-list -> problems/box2l.kira-ratracer-eps2/output-list
template.kira-ratracer-eps2/export.yaml -> problems/box2l.kira-ratracer-eps2/export.yaml
template.kira-ratracer-eps2/master-eqns -> problems/box2l.kira-ratracer-eps2/master-eqns
template.kira-ratracer-eps2/integrals -> problems/box2l.kira-ratracer-eps2/integrals
template.kira-ratracer-eps2/config/integralfamilies.yaml -> problems/box2l.kira-ratracer-eps2/config/integralfamilies.yaml
template.kira-ratracer-eps2/config/kinematics.yaml -> problems/box2l.kira-ratracer-eps2/config/kinematics.yaml
template.kira-ratracer-eps0-scan/run.sh -> problems/box2l.kira-ratracer-eps0-scan/run.sh
template.kira-ratracer-eps0-scan/output-list -> problems/box2l.kira-ratracer-eps0-scan/output-list
template.kira-ratracer-eps0-scan/rat2mat -> problems/box2l.kira-ratracer-eps0-scan/rat2mat
template.kira-ratracer-eps0-scan/integrals -> problems/box2l.kira-ratracer-eps0-scan/integrals
template.kira-ratracer-eps0-scan/master-eqns -> problems/box2l.kira-ratracer-eps0-scan/master-eqns
template.kira-ratracer-eps0-scan/export.yaml -> problems/box2l.kira-ratracer-eps0-scan/export.yaml
template.kira-ratracer-eps0-scan/config/integralfamilies.yaml -> problems/box2l.kira-ratracer-eps0-scan/config/integralfamilies.yaml
template.kira-ratracer-eps0-scan/config/kinematics.yaml -> problems/box2l.kira-ratracer-eps0-scan/config/kinematics.yaml
template.kira-ratracer-eps1-scan/master-eqns -> problems/box2l.kira-ratracer-eps1-scan/master-eqns
template.kira-ratracer-eps1-scan/export.yaml -> problems/box2l.kira-ratracer-eps1-scan/export.yaml
template.kira-ratracer-eps1-scan/run.sh -> problems/box2l.kira-ratracer-eps1-scan/run.sh
template.kira-ratracer-eps1-scan/rat2mat -> problems/box2l.kira-ratracer-eps1-scan/rat2mat
template.kira-ratracer-eps1-scan/integrals -> problems/box2l.kira-ratracer-eps1-scan/integrals
template.kira-ratracer-eps1-scan/output-list -> problems/box2l.kira-ratracer-eps1-scan/output-list
template.kira-ratracer-eps1-scan/config/integralfamilies.yaml -> problems/box2l.kira-ratracer-eps1-scan/config/integralfamilies.yaml
template.kira-ratracer-eps1-scan/config/kinematics.yaml -> problems/box2l.kira-ratracer-eps1-scan/config/kinematics.yaml
template.kira-ratracer-eps2-scan/run.sh -> problems/box2l.kira-ratracer-eps2-scan/run.sh
template.kira-ratracer-eps2-scan/integrals -> problems/box2l.kira-ratracer-eps2-scan/integrals
template.kira-ratracer-eps2-scan/output-list -> problems/box2l.kira-ratracer-eps2-scan/output-list
template.kira-ratracer-eps2-scan/export.yaml -> problems/box2l.kira-ratracer-eps2-scan/export.yaml
template.kira-ratracer-eps2-scan/master-eqns -> problems/box2l.kira-ratracer-eps2-scan/master-eqns
template.kira-ratracer-eps2-scan/rat2mat -> problems/box2l.kira-ratracer-eps2-scan/rat2mat
template.kira-ratracer-eps2-scan/config/kinematics.yaml -> problems/box2l.kira-ratracer-eps2-scan/config/kinematics.yaml
template.kira-ratracer-eps2-scan/config/integralfamilies.yaml -> problems/box2l.kira-ratracer-eps2-scan/config/integralfamilies.yaml
template.fire/run.sh -> problems/box2l.fire/run.sh
template.fire/step5.m -> problems/box2l.fire/step5.m
template.fire/step4.m -> problems/box2l.fire/step4.m
template.fire/preferred-masters -> problems/box2l.fire/preferred-masters
template.fire/step1.m -> problems/box2l.fire/step1.m
template.fire/fire.hint.config -> problems/box2l.fire/fire.hint.config
template.fire/integrals -> problems/box2l.fire/integrals
template.fire/step3.m -> problems/box2l.fire/step3.m
template.fire/step2.m -> problems/box2l.fire/step2.m
template.fire/fire.config -> problems/box2l.fire/fire.config
template.fire-nohint/fire.config -> problems/box2l.fire-nohint/fire.config
template.fire-nohint/step1.m -> problems/box2l.fire-nohint/step1.m
template.fire-nohint/integrals -> problems/box2l.fire-nohint/integrals
template.fire-nohint/step2.m -> problems/box2l.fire-nohint/step2.m
template.fire-nohint/step3.m -> problems/box2l.fire-nohint/step3.m
template.fire-nohint/preferred-masters -> problems/box2l.fire-nohint/preferred-masters
template.fire-nohint/step4.m -> problems/box2l.fire-nohint/step4.m
template.fire-nohint/run.sh -> problems/box2l.fire-nohint/run.sh
template.kira/integrals -> problems/diamond2l.kira/integrals
template.kira/run.sh -> problems/diamond2l.kira/run.sh
template.kira/preferred-masters -> problems/diamond2l.kira/preferred-masters
template.kira/jobs.yaml -> problems/diamond2l.kira/jobs.yaml
template.kira/config/kinematics.yaml -> problems/diamond2l.kira/config/kinematics.yaml
template.kira/config/integralfamilies.yaml -> problems/diamond2l.kira/config/integralfamilies.yaml
template.kira-firefly/integrals -> problems/diamond2l.kira-firefly/integrals
template.kira-firefly/run.sh -> problems/diamond2l.kira-firefly/run.sh
template.kira-firefly/jobs.yaml -> problems/diamond2l.kira-firefly/jobs.yaml
template.kira-firefly/preferred-masters -> problems/diamond2l.kira-firefly/preferred-masters
template.kira-firefly/config/kinematics.yaml -> problems/diamond2l.kira-firefly/config/kinematics.yaml
template.kira-firefly/config/integralfamilies.yaml -> problems/diamond2l.kira-firefly/config/integralfamilies.yaml
template.kira-ratracer/output-list -> problems/diamond2l.kira-ratracer/output-list
template.kira-ratracer/export.yaml -> problems/diamond2l.kira-ratracer/export.yaml
template.kira-ratracer/master-eqns -> problems/diamond2l.kira-ratracer/master-eqns
template.kira-ratracer/rat2mat -> problems/diamond2l.kira-ratracer/rat2mat
template.kira-ratracer/run.sh -> problems/diamond2l.kira-ratracer/run.sh
template.kira-ratracer/integrals -> problems/diamond2l.kira-ratracer/integrals
template.kira-ratracer/config/integralfamilies.yaml -> problems/diamond2l.kira-ratracer/config/integralfamilies.yaml
template.kira-ratracer/config/kinematics.yaml -> problems/diamond2l.kira-ratracer/config/kinematics.yaml
template.kira-ratracer-scan/output-list -> problems/diamond2l.kira-ratracer-scan/output-list
template.kira-ratracer-scan/master-eqns -> problems/diamond2l.kira-ratracer-scan/master-eqns
template.kira-ratracer-scan/export.yaml -> problems/diamond2l.kira-ratracer-scan/export.yaml
template.kira-ratracer-scan/integrals -> problems/diamond2l.kira-ratracer-scan/integrals
template.kira-ratracer-scan/rat2mat -> problems/diamond2l.kira-ratracer-scan/rat2mat
template.kira-ratracer-scan/run.sh -> problems/diamond2l.kira-ratracer-scan/run.sh
template.kira-ratracer-scan/config/kinematics.yaml -> problems/diamond2l.kira-ratracer-scan/config/kinematics.yaml
template.kira-ratracer-scan/config/integralfamilies.yaml -> problems/diamond2l.kira-ratracer-scan/config/integralfamilies.yaml
template.kira-ratracer-eps0/master-eqns -> problems/diamond2l.kira-ratracer-eps0/master-eqns
template.kira-ratracer-eps0/export.yaml -> problems/diamond2l.kira-ratracer-eps0/export.yaml
template.kira-ratracer-eps0/run.sh -> problems/diamond2l.kira-ratracer-eps0/run.sh
template.kira-ratracer-eps0/rat2mat -> problems/diamond2l.kira-ratracer-eps0/rat2mat
template.kira-ratracer-eps0/integrals -> problems/diamond2l.kira-ratracer-eps0/integrals
template.kira-ratracer-eps0/output-list -> problems/diamond2l.kira-ratracer-eps0/output-list
template.kira-ratracer-eps0/config/kinematics.yaml -> problems/diamond2l.kira-ratracer-eps0/config/kinematics.yaml
template.kira-ratracer-eps0/config/integralfamilies.yaml -> problems/diamond2l.kira-ratracer-eps0/config/integralfamilies.yaml
template.kira-ratracer-eps1/integrals -> problems/diamond2l.kira-ratracer-eps1/integrals
template.kira-ratracer-eps1/output-list -> problems/diamond2l.kira-ratracer-eps1/output-list
template.kira-ratracer-eps1/run.sh -> problems/diamond2l.kira-ratracer-eps1/run.sh
template.kira-ratracer-eps1/master-eqns -> problems/diamond2l.kira-ratracer-eps1/master-eqns
template.kira-ratracer-eps1/export.yaml -> problems/diamond2l.kira-ratracer-eps1/export.yaml
template.kira-ratracer-eps1/rat2mat -> problems/diamond2l.kira-ratracer-eps1/rat2mat
template.kira-ratracer-eps1/config/kinematics.yaml -> problems/diamond2l.kira-ratracer-eps1/config/kinematics.yaml
template.kira-ratracer-eps1/config/integralfamilies.yaml -> problems/diamond2l.kira-ratracer-eps1/config/integralfamilies.yaml
template.kira-ratracer-eps2/rat2mat -> problems/diamond2l.kira-ratracer-eps2/rat2mat
template.kira-ratracer-eps2/run.sh -> problems/diamond2l.kira-ratracer-eps2/run.sh
template.kira-ratracer-eps2/output-list -> problems/diamond2l.kira-ratracer-eps2/output-list
template.kira-ratracer-eps2/export.yaml -> problems/diamond2l.kira-ratracer-eps2/export.yaml
template.kira-ratracer-eps2/master-eqns -> problems/diamond2l.kira-ratracer-eps2/master-eqns
template.kira-ratracer-eps2/integrals -> problems/diamond2l.kira-ratracer-eps2/integrals
template.kira-ratracer-eps2/config/integralfamilies.yaml -> problems/diamond2l.kira-ratracer-eps2/config/integralfamilies.yaml
template.kira-ratracer-eps2/config/kinematics.yaml -> problems/diamond2l.kira-ratracer-eps2/config/kinematics.yaml
template.kira-ratracer-eps0-scan/run.sh -> problems/diamond2l.kira-ratracer-eps0-scan/run.sh
template.kira-ratracer-eps0-scan/output-list -> problems/diamond2l.kira-ratracer-eps0-scan/output-list
template.kira-ratracer-eps0-scan/rat2mat -> problems/diamond2l.kira-ratracer-eps0-scan/rat2mat
template.kira-ratracer-eps0-scan/integrals -> problems/diamond2l.kira-ratracer-eps0-scan/integrals
template.kira-ratracer-eps0-scan/master-eqns -> problems/diamond2l.kira-ratracer-eps0-scan/master-eqns
template.kira-ratracer-eps0-scan/export.yaml -> problems/diamond2l.kira-ratracer-eps0-scan/export.yaml
template.kira-ratracer-eps0-scan/config/integralfamilies.yaml -> problems/diamond2l.kira-ratracer-eps0-scan/config/integralfamilies.yaml
template.kira-ratracer-eps0-scan/config/kinematics.yaml -> problems/diamond2l.kira-ratracer-eps0-scan/config/kinematics.yaml
template.kira-ratracer-eps1-scan/master-eqns -> problems/diamond2l.kira-ratracer-eps1-scan/master-eqns
template.kira-ratracer-eps1-scan/export.yaml -> problems/diamond2l.kira-ratracer-eps1-scan/export.yaml
template.kira-ratracer-eps1-scan/run.sh -> problems/diamond2l.kira-ratracer-eps1-scan/run.sh
template.kira-ratracer-eps1-scan/rat2mat -> problems/diamond2l.kira-ratracer-eps1-scan/rat2mat
template.kira-ratracer-eps1-scan/integrals -> problems/diamond2l.kira-ratracer-eps1-scan/integrals
template.kira-ratracer-eps1-scan/output-list -> problems/diamond2l.kira-ratracer-eps1-scan/output-list
template.kira-ratracer-eps1-scan/config/integralfamilies.yaml -> problems/diamond2l.kira-ratracer-eps1-scan/config/integralfamilies.yaml
template.kira-ratracer-eps1-scan/config/kinematics.yaml -> problems/diamond2l.kira-ratracer-eps1-scan/config/kinematics.yaml
template.kira-ratracer-eps2-scan/run.sh -> problems/diamond2l.kira-ratracer-eps2-scan/run.sh
template.kira-ratracer-eps2-scan/integrals -> problems/diamond2l.kira-ratracer-eps2-scan/integrals
template.kira-ratracer-eps2-scan/output-list -> problems/diamond2l.kira-ratracer-eps2-scan/output-list
template.kira-ratracer-eps2-scan/export.yaml -> problems/diamond2l.kira-ratracer-eps2-scan/export.yaml
template.kira-ratracer-eps2-scan/master-eqns -> problems/diamond2l.kira-ratracer-eps2-scan/master-eqns
template.kira-ratracer-eps2-scan/rat2mat -> problems/diamond2l.kira-ratracer-eps2-scan/rat2mat
template.kira-ratracer-eps2-scan/config/kinematics.yaml -> problems/diamond2l.kira-ratracer-eps2-scan/config/kinematics.yaml
template.kira-ratracer-eps2-scan/config/integralfamilies.yaml -> problems/diamond2l.kira-ratracer-eps2-scan/config/integralfamilies.yaml
template.fire/run.sh -> problems/diamond2l.fire/run.sh
template.fire/step5.m -> problems/diamond2l.fire/step5.m
template.fire/step4.m -> problems/diamond2l.fire/step4.m
template.fire/preferred-masters -> problems/diamond2l.fire/preferred-masters
template.fire/step1.m -> problems/diamond2l.fire/step1.m
template.fire/fire.hint.config -> problems/diamond2l.fire/fire.hint.config
template.fire/integrals -> problems/diamond2l.fire/integrals
template.fire/step3.m -> problems/diamond2l.fire/step3.m
template.fire/step2.m -> problems/diamond2l.fire/step2.m
template.fire/fire.config -> problems/diamond2l.fire/fire.config
template.fire-nohint/fire.config -> problems/diamond2l.fire-nohint/fire.config
template.fire-nohint/step1.m -> problems/diamond2l.fire-nohint/step1.m
template.fire-nohint/integrals -> problems/diamond2l.fire-nohint/integrals
template.fire-nohint/step2.m -> problems/diamond2l.fire-nohint/step2.m
template.fire-nohint/step3.m -> problems/diamond2l.fire-nohint/step3.m
template.fire-nohint/preferred-masters -> problems/diamond2l.fire-nohint/preferred-masters
template.fire-nohint/step4.m -> problems/diamond2l.fire-nohint/step4.m
template.fire-nohint/run.sh -> problems/diamond2l.fire-nohint/run.sh
template.kira/integrals -> problems/diamond3l.kira/integrals
template.kira/run.sh -> problems/diamond3l.kira/run.sh
template.kira/preferred-masters -> problems/diamond3l.kira/preferred-masters
template.kira/jobs.yaml -> problems/diamond3l.kira/jobs.yaml
template.kira/config/kinematics.yaml -> problems/diamond3l.kira/config/kinematics.yaml
template.kira/config/integralfamilies.yaml -> problems/diamond3l.kira/config/integralfamilies.yaml
template.kira-firefly/integrals -> problems/diamond3l.kira-firefly/integrals
template.kira-firefly/run.sh -> problems/diamond3l.kira-firefly/run.sh
template.kira-firefly/jobs.yaml -> problems/diamond3l.kira-firefly/jobs.yaml
template.kira-firefly/preferred-masters -> problems/diamond3l.kira-firefly/preferred-masters
template.kira-firefly/config/kinematics.yaml -> problems/diamond3l.kira-firefly/config/kinematics.yaml
template.kira-firefly/config/integralfamilies.yaml -> problems/diamond3l.kira-firefly/config/integralfamilies.yaml
template.kira-ratracer/output-list -> problems/diamond3l.kira-ratracer/output-list
template.kira-ratracer/export.yaml -> problems/diamond3l.kira-ratracer/export.yaml
template.kira-ratracer/master-eqns -> problems/diamond3l.kira-ratracer/master-eqns
template.kira-ratracer/rat2mat -> problems/diamond3l.kira-ratracer/rat2mat
template.kira-ratracer/run.sh -> problems/diamond3l.kira-ratracer/run.sh
template.kira-ratracer/integrals -> problems/diamond3l.kira-ratracer/integrals
template.kira-ratracer/config/integralfamilies.yaml -> problems/diamond3l.kira-ratracer/config/integralfamilies.yaml
template.kira-ratracer/config/kinematics.yaml -> problems/diamond3l.kira-ratracer/config/kinematics.yaml
template.kira-ratracer-scan/output-list -> problems/diamond3l.kira-ratracer-scan/output-list
template.kira-ratracer-scan/master-eqns -> problems/diamond3l.kira-ratracer-scan/master-eqns
template.kira-ratracer-scan/export.yaml -> problems/diamond3l.kira-ratracer-scan/export.yaml
template.kira-ratracer-scan/integrals -> problems/diamond3l.kira-ratracer-scan/integrals
template.kira-ratracer-scan/rat2mat -> problems/diamond3l.kira-ratracer-scan/rat2mat
template.kira-ratracer-scan/run.sh -> problems/diamond3l.kira-ratracer-scan/run.sh
template.kira-ratracer-scan/config/kinematics.yaml -> problems/diamond3l.kira-ratracer-scan/config/kinematics.yaml
template.kira-ratracer-scan/config/integralfamilies.yaml -> problems/diamond3l.kira-ratracer-scan/config/integralfamilies.yaml
template.kira-ratracer-eps0/master-eqns -> problems/diamond3l.kira-ratracer-eps0/master-eqns
template.kira-ratracer-eps0/export.yaml -> problems/diamond3l.kira-ratracer-eps0/export.yaml
template.kira-ratracer-eps0/run.sh -> problems/diamond3l.kira-ratracer-eps0/run.sh
template.kira-ratracer-eps0/rat2mat -> problems/diamond3l.kira-ratracer-eps0/rat2mat
template.kira-ratracer-eps0/integrals -> problems/diamond3l.kira-ratracer-eps0/integrals
template.kira-ratracer-eps0/output-list -> problems/diamond3l.kira-ratracer-eps0/output-list
template.kira-ratracer-eps0/config/kinematics.yaml -> problems/diamond3l.kira-ratracer-eps0/config/kinematics.yaml
template.kira-ratracer-eps0/config/integralfamilies.yaml -> problems/diamond3l.kira-ratracer-eps0/config/integralfamilies.yaml
template.kira-ratracer-eps1/integrals -> problems/diamond3l.kira-ratracer-eps1/integrals
template.kira-ratracer-eps1/output-list -> problems/diamond3l.kira-ratracer-eps1/output-list
template.kira-ratracer-eps1/run.sh -> problems/diamond3l.kira-ratracer-eps1/run.sh
template.kira-ratracer-eps1/master-eqns -> problems/diamond3l.kira-ratracer-eps1/master-eqns
template.kira-ratracer-eps1/export.yaml -> problems/diamond3l.kira-ratracer-eps1/export.yaml
template.kira-ratracer-eps1/rat2mat -> problems/diamond3l.kira-ratracer-eps1/rat2mat
template.kira-ratracer-eps1/config/kinematics.yaml -> problems/diamond3l.kira-ratracer-eps1/config/kinematics.yaml
template.kira-ratracer-eps1/config/integralfamilies.yaml -> problems/diamond3l.kira-ratracer-eps1/config/integralfamilies.yaml
template.kira-ratracer-eps2/rat2mat -> problems/diamond3l.kira-ratracer-eps2/rat2mat
template.kira-ratracer-eps2/run.sh -> problems/diamond3l.kira-ratracer-eps2/run.sh
template.kira-ratracer-eps2/output-list -> problems/diamond3l.kira-ratracer-eps2/output-list
template.kira-ratracer-eps2/export.yaml -> problems/diamond3l.kira-ratracer-eps2/export.yaml
template.kira-ratracer-eps2/master-eqns -> problems/diamond3l.kira-ratracer-eps2/master-eqns
template.kira-ratracer-eps2/integrals -> problems/diamond3l.kira-ratracer-eps2/integrals
template.kira-ratracer-eps2/config/integralfamilies.yaml -> problems/diamond3l.kira-ratracer-eps2/config/integralfamilies.yaml
template.kira-ratracer-eps2/config/kinematics.yaml -> problems/diamond3l.kira-ratracer-eps2/config/kinematics.yaml
template.kira-ratracer-eps0-scan/run.sh -> problems/diamond3l.kira-ratracer-eps0-scan/run.sh
template.kira-ratracer-eps0-scan/output-list -> problems/diamond3l.kira-ratracer-eps0-scan/output-list
template.kira-ratracer-eps0-scan/rat2mat -> problems/diamond3l.kira-ratracer-eps0-scan/rat2mat
template.kira-ratracer-eps0-scan/integrals -> problems/diamond3l.kira-ratracer-eps0-scan/integrals
template.kira-ratracer-eps0-scan/master-eqns -> problems/diamond3l.kira-ratracer-eps0-scan/master-eqns
template.kira-ratracer-eps0-scan/export.yaml -> problems/diamond3l.kira-ratracer-eps0-scan/export.yaml
template.kira-ratracer-eps0-scan/config/integralfamilies.yaml -> problems/diamond3l.kira-ratracer-eps0-scan/config/integralfamilies.yaml
template.kira-ratracer-eps0-scan/config/kinematics.yaml -> problems/diamond3l.kira-ratracer-eps0-scan/config/kinematics.yaml
template.kira-ratracer-eps1-scan/master-eqns -> problems/diamond3l.kira-ratracer-eps1-scan/master-eqns
template.kira-ratracer-eps1-scan/export.yaml -> problems/diamond3l.kira-ratracer-eps1-scan/export.yaml
template.kira-ratracer-eps1-scan/run.sh -> problems/diamond3l.kira-ratracer-eps1-scan/run.sh
template.kira-ratracer-eps1-scan/rat2mat -> problems/diamond3l.kira-ratracer-eps1-scan/rat2mat
template.kira-ratracer-eps1-scan/integrals -> problems/diamond3l.kira-ratracer-eps1-scan/integrals
template.kira-ratracer-eps1-scan/output-list -> problems/diamond3l.kira-ratracer-eps1-scan/output-list
template.kira-ratracer-eps1-scan/config/integralfamilies.yaml -> problems/diamond3l.kira-ratracer-eps1-scan/config/integralfamilies.yaml
template.kira-ratracer-eps1-scan/config/kinematics.yaml -> problems/diamond3l.kira-ratracer-eps1-scan/config/kinematics.yaml
template.kira-ratracer-eps2-scan/run.sh -> problems/diamond3l.kira-ratracer-eps2-scan/run.sh
template.kira-ratracer-eps2-scan/integrals -> problems/diamond3l.kira-ratracer-eps2-scan/integrals
template.kira-ratracer-eps2-scan/output-list -> problems/diamond3l.kira-ratracer-eps2-scan/output-list
template.kira-ratracer-eps2-scan/export.yaml -> problems/diamond3l.kira-ratracer-eps2-scan/export.yaml
template.kira-ratracer-eps2-scan/master-eqns -> problems/diamond3l.kira-ratracer-eps2-scan/master-eqns
template.kira-ratracer-eps2-scan/rat2mat -> problems/diamond3l.kira-ratracer-eps2-scan/rat2mat
template.kira-ratracer-eps2-scan/config/kinematics.yaml -> problems/diamond3l.kira-ratracer-eps2-scan/config/kinematics.yaml
template.kira-ratracer-eps2-scan/config/integralfamilies.yaml -> problems/diamond3l.kira-ratracer-eps2-scan/config/integralfamilies.yaml
template.fire/run.sh -> problems/diamond3l.fire/run.sh
template.fire/step5.m -> problems/diamond3l.fire/step5.m
template.fire/step4.m -> problems/diamond3l.fire/step4.m
template.fire/preferred-masters -> problems/diamond3l.fire/preferred-masters
template.fire/step1.m -> problems/diamond3l.fire/step1.m
template.fire/fire.hint.config -> problems/diamond3l.fire/fire.hint.config
template.fire/integrals -> problems/diamond3l.fire/integrals
template.fire/step3.m -> problems/diamond3l.fire/step3.m
template.fire/step2.m -> problems/diamond3l.fire/step2.m
template.fire/fire.config -> problems/diamond3l.fire/fire.config
template.fire-nohint/fire.config -> problems/diamond3l.fire-nohint/fire.config
template.fire-nohint/step1.m -> problems/diamond3l.fire-nohint/step1.m
template.fire-nohint/integrals -> problems/diamond3l.fire-nohint/integrals
template.fire-nohint/step2.m -> problems/diamond3l.fire-nohint/step2.m
template.fire-nohint/step3.m -> problems/diamond3l.fire-nohint/step3.m
template.fire-nohint/preferred-masters -> problems/diamond3l.fire-nohint/preferred-masters
template.fire-nohint/step4.m -> problems/diamond3l.fire-nohint/step4.m
template.fire-nohint/run.sh -> problems/diamond3l.fire-nohint/run.sh
template.kira/integrals -> problems/tth2l_b16.kira/integrals
template.kira/run.sh -> problems/tth2l_b16.kira/run.sh
template.kira/preferred-masters -> problems/tth2l_b16.kira/preferred-masters
template.kira/jobs.yaml -> problems/tth2l_b16.kira/jobs.yaml
template.kira/config/kinematics.yaml -> problems/tth2l_b16.kira/config/kinematics.yaml
template.kira/config/integralfamilies.yaml -> problems/tth2l_b16.kira/config/integralfamilies.yaml
template.kira-firefly/integrals -> problems/tth2l_b16.kira-firefly/integrals
template.kira-firefly/run.sh -> problems/tth2l_b16.kira-firefly/run.sh
template.kira-firefly/jobs.yaml -> problems/tth2l_b16.kira-firefly/jobs.yaml
template.kira-firefly/preferred-masters -> problems/tth2l_b16.kira-firefly/preferred-masters
template.kira-firefly/config/kinematics.yaml -> problems/tth2l_b16.kira-firefly/config/kinematics.yaml
template.kira-firefly/config/integralfamilies.yaml -> problems/tth2l_b16.kira-firefly/config/integralfamilies.yaml
template.kira-ratracer/output-list -> problems/tth2l_b16.kira-ratracer/output-list
template.kira-ratracer/export.yaml -> problems/tth2l_b16.kira-ratracer/export.yaml
template.kira-ratracer/master-eqns -> problems/tth2l_b16.kira-ratracer/master-eqns
template.kira-ratracer/rat2mat -> problems/tth2l_b16.kira-ratracer/rat2mat
template.kira-ratracer/run.sh -> problems/tth2l_b16.kira-ratracer/run.sh
template.kira-ratracer/integrals -> problems/tth2l_b16.kira-ratracer/integrals
template.kira-ratracer/config/integralfamilies.yaml -> problems/tth2l_b16.kira-ratracer/config/integralfamilies.yaml
template.kira-ratracer/config/kinematics.yaml -> problems/tth2l_b16.kira-ratracer/config/kinematics.yaml
template.kira-ratracer-scan/output-list -> problems/tth2l_b16.kira-ratracer-scan/output-list
template.kira-ratracer-scan/master-eqns -> problems/tth2l_b16.kira-ratracer-scan/master-eqns
template.kira-ratracer-scan/export.yaml -> problems/tth2l_b16.kira-ratracer-scan/export.yaml
template.kira-ratracer-scan/integrals -> problems/tth2l_b16.kira-ratracer-scan/integrals
template.kira-ratracer-scan/rat2mat -> problems/tth2l_b16.kira-ratracer-scan/rat2mat
template.kira-ratracer-scan/run.sh -> problems/tth2l_b16.kira-ratracer-scan/run.sh
template.kira-ratracer-scan/config/kinematics.yaml -> problems/tth2l_b16.kira-ratracer-scan/config/kinematics.yaml
template.kira-ratracer-scan/config/integralfamilies.yaml -> problems/tth2l_b16.kira-ratracer-scan/config/integralfamilies.yaml
template.kira-ratracer-eps0/master-eqns -> problems/tth2l_b16.kira-ratracer-eps0/master-eqns
template.kira-ratracer-eps0/export.yaml -> problems/tth2l_b16.kira-ratracer-eps0/export.yaml
template.kira-ratracer-eps0/run.sh -> problems/tth2l_b16.kira-ratracer-eps0/run.sh
template.kira-ratracer-eps0/rat2mat -> problems/tth2l_b16.kira-ratracer-eps0/rat2mat
template.kira-ratracer-eps0/integrals -> problems/tth2l_b16.kira-ratracer-eps0/integrals
template.kira-ratracer-eps0/output-list -> problems/tth2l_b16.kira-ratracer-eps0/output-list
template.kira-ratracer-eps0/config/kinematics.yaml -> problems/tth2l_b16.kira-ratracer-eps0/config/kinematics.yaml
template.kira-ratracer-eps0/config/integralfamilies.yaml -> problems/tth2l_b16.kira-ratracer-eps0/config/integralfamilies.yaml
template.kira-ratracer-eps1/integrals -> problems/tth2l_b16.kira-ratracer-eps1/integrals
template.kira-ratracer-eps1/output-list -> problems/tth2l_b16.kira-ratracer-eps1/output-list
template.kira-ratracer-eps1/run.sh -> problems/tth2l_b16.kira-ratracer-eps1/run.sh
template.kira-ratracer-eps1/master-eqns -> problems/tth2l_b16.kira-ratracer-eps1/master-eqns
template.kira-ratracer-eps1/export.yaml -> problems/tth2l_b16.kira-ratracer-eps1/export.yaml
template.kira-ratracer-eps1/rat2mat -> problems/tth2l_b16.kira-ratracer-eps1/rat2mat
template.kira-ratracer-eps1/config/kinematics.yaml -> problems/tth2l_b16.kira-ratracer-eps1/config/kinematics.yaml
template.kira-ratracer-eps1/config/integralfamilies.yaml -> problems/tth2l_b16.kira-ratracer-eps1/config/integralfamilies.yaml
template.kira-ratracer-eps2/rat2mat -> problems/tth2l_b16.kira-ratracer-eps2/rat2mat
template.kira-ratracer-eps2/run.sh -> problems/tth2l_b16.kira-ratracer-eps2/run.sh
template.kira-ratracer-eps2/output-list -> problems/tth2l_b16.kira-ratracer-eps2/output-list
template.kira-ratracer-eps2/export.yaml -> problems/tth2l_b16.kira-ratracer-eps2/export.yaml
template.kira-ratracer-eps2/master-eqns -> problems/tth2l_b16.kira-ratracer-eps2/master-eqns
template.kira-ratracer-eps2/integrals -> problems/tth2l_b16.kira-ratracer-eps2/integrals
template.kira-ratracer-eps2/config/integralfamilies.yaml -> problems/tth2l_b16.kira-ratracer-eps2/config/integralfamilies.yaml
template.kira-ratracer-eps2/config/kinematics.yaml -> problems/tth2l_b16.kira-ratracer-eps2/config/kinematics.yaml
template.kira-ratracer-eps0-scan/run.sh -> problems/tth2l_b16.kira-ratracer-eps0-scan/run.sh
template.kira-ratracer-eps0-scan/output-list -> problems/tth2l_b16.kira-ratracer-eps0-scan/output-list
template.kira-ratracer-eps0-scan/rat2mat -> problems/tth2l_b16.kira-ratracer-eps0-scan/rat2mat
template.kira-ratracer-eps0-scan/integrals -> problems/tth2l_b16.kira-ratracer-eps0-scan/integrals
template.kira-ratracer-eps0-scan/master-eqns -> problems/tth2l_b16.kira-ratracer-eps0-scan/master-eqns
template.kira-ratracer-eps0-scan/export.yaml -> problems/tth2l_b16.kira-ratracer-eps0-scan/export.yaml
template.kira-ratracer-eps0-scan/config/integralfamilies.yaml -> problems/tth2l_b16.kira-ratracer-eps0-scan/config/integralfamilies.yaml
template.kira-ratracer-eps0-scan/config/kinematics.yaml -> problems/tth2l_b16.kira-ratracer-eps0-scan/config/kinematics.yaml
template.kira-ratracer-eps1-scan/master-eqns -> problems/tth2l_b16.kira-ratracer-eps1-scan/master-eqns
template.kira-ratracer-eps1-scan/export.yaml -> problems/tth2l_b16.kira-ratracer-eps1-scan/export.yaml
template.kira-ratracer-eps1-scan/run.sh -> problems/tth2l_b16.kira-ratracer-eps1-scan/run.sh
template.kira-ratracer-eps1-scan/rat2mat -> problems/tth2l_b16.kira-ratracer-eps1-scan/rat2mat
template.kira-ratracer-eps1-scan/integrals -> problems/tth2l_b16.kira-ratracer-eps1-scan/integrals
template.kira-ratracer-eps1-scan/output-list -> problems/tth2l_b16.kira-ratracer-eps1-scan/output-list
template.kira-ratracer-eps1-scan/config/integralfamilies.yaml -> problems/tth2l_b16.kira-ratracer-eps1-scan/config/integralfamilies.yaml
template.kira-ratracer-eps1-scan/config/kinematics.yaml -> problems/tth2l_b16.kira-ratracer-eps1-scan/config/kinematics.yaml
template.kira-ratracer-eps2-scan/run.sh -> problems/tth2l_b16.kira-ratracer-eps2-scan/run.sh
template.kira-ratracer-eps2-scan/integrals -> problems/tth2l_b16.kira-ratracer-eps2-scan/integrals
template.kira-ratracer-eps2-scan/output-list -> problems/tth2l_b16.kira-ratracer-eps2-scan/output-list
template.kira-ratracer-eps2-scan/export.yaml -> problems/tth2l_b16.kira-ratracer-eps2-scan/export.yaml
template.kira-ratracer-eps2-scan/master-eqns -> problems/tth2l_b16.kira-ratracer-eps2-scan/master-eqns
template.kira-ratracer-eps2-scan/rat2mat -> problems/tth2l_b16.kira-ratracer-eps2-scan/rat2mat
template.kira-ratracer-eps2-scan/config/kinematics.yaml -> problems/tth2l_b16.kira-ratracer-eps2-scan/config/kinematics.yaml
template.kira-ratracer-eps2-scan/config/integralfamilies.yaml -> problems/tth2l_b16.kira-ratracer-eps2-scan/config/integralfamilies.yaml
template.fire/run.sh -> problems/tth2l_b16.fire/run.sh
template.fire/step5.m -> problems/tth2l_b16.fire/step5.m
template.fire/step4.m -> problems/tth2l_b16.fire/step4.m
template.fire/preferred-masters -> problems/tth2l_b16.fire/preferred-masters
template.fire/step1.m -> problems/tth2l_b16.fire/step1.m
template.fire/fire.hint.config -> problems/tth2l_b16.fire/fire.hint.config
template.fire/integrals -> problems/tth2l_b16.fire/integrals
template.fire/step3.m -> problems/tth2l_b16.fire/step3.m
template.fire/step2.m -> problems/tth2l_b16.fire/step2.m
template.fire/fire.config -> problems/tth2l_b16.fire/fire.config
template.fire-nohint/fire.config -> problems/tth2l_b16.fire-nohint/fire.config
template.fire-nohint/step1.m -> problems/tth2l_b16.fire-nohint/step1.m
template.fire-nohint/integrals -> problems/tth2l_b16.fire-nohint/integrals
template.fire-nohint/step2.m -> problems/tth2l_b16.fire-nohint/step2.m
template.fire-nohint/step3.m -> problems/tth2l_b16.fire-nohint/step3.m
template.fire-nohint/preferred-masters -> problems/tth2l_b16.fire-nohint/preferred-masters
template.fire-nohint/step4.m -> problems/tth2l_b16.fire-nohint/step4.m
template.fire-nohint/run.sh -> problems/tth2l_b16.fire-nohint/run.sh
template.kira/integrals -> problems/tth2l_b25.kira/integrals
template.kira/run.sh -> problems/tth2l_b25.kira/run.sh
template.kira/preferred-masters -> problems/tth2l_b25.kira/preferred-masters
template.kira/jobs.yaml -> problems/tth2l_b25.kira/jobs.yaml
template.kira/config/kinematics.yaml -> problems/tth2l_b25.kira/config/kinematics.yaml
template.kira/config/integralfamilies.yaml -> problems/tth2l_b25.kira/config/integralfamilies.yaml
template.kira-firefly/integrals -> problems/tth2l_b25.kira-firefly/integrals
template.kira-firefly/run.sh -> problems/tth2l_b25.kira-firefly/run.sh
template.kira-firefly/jobs.yaml -> problems/tth2l_b25.kira-firefly/jobs.yaml
template.kira-firefly/preferred-masters -> problems/tth2l_b25.kira-firefly/preferred-masters
template.kira-firefly/config/kinematics.yaml -> problems/tth2l_b25.kira-firefly/config/kinematics.yaml
template.kira-firefly/config/integralfamilies.yaml -> problems/tth2l_b25.kira-firefly/config/integralfamilies.yaml
template.kira-ratracer/output-list -> problems/tth2l_b25.kira-ratracer/output-list
template.kira-ratracer/export.yaml -> problems/tth2l_b25.kira-ratracer/export.yaml
template.kira-ratracer/master-eqns -> problems/tth2l_b25.kira-ratracer/master-eqns
template.kira-ratracer/rat2mat -> problems/tth2l_b25.kira-ratracer/rat2mat
template.kira-ratracer/run.sh -> problems/tth2l_b25.kira-ratracer/run.sh
template.kira-ratracer/integrals -> problems/tth2l_b25.kira-ratracer/integrals
template.kira-ratracer/config/integralfamilies.yaml -> problems/tth2l_b25.kira-ratracer/config/integralfamilies.yaml
template.kira-ratracer/config/kinematics.yaml -> problems/tth2l_b25.kira-ratracer/config/kinematics.yaml
template.kira-ratracer-scan/output-list -> problems/tth2l_b25.kira-ratracer-scan/output-list
template.kira-ratracer-scan/master-eqns -> problems/tth2l_b25.kira-ratracer-scan/master-eqns
template.kira-ratracer-scan/export.yaml -> problems/tth2l_b25.kira-ratracer-scan/export.yaml
template.kira-ratracer-scan/integrals -> problems/tth2l_b25.kira-ratracer-scan/integrals
template.kira-ratracer-scan/rat2mat -> problems/tth2l_b25.kira-ratracer-scan/rat2mat
template.kira-ratracer-scan/run.sh -> problems/tth2l_b25.kira-ratracer-scan/run.sh
template.kira-ratracer-scan/config/kinematics.yaml -> problems/tth2l_b25.kira-ratracer-scan/config/kinematics.yaml
template.kira-ratracer-scan/config/integralfamilies.yaml -> problems/tth2l_b25.kira-ratracer-scan/config/integralfamilies.yaml
template.kira-ratracer-eps0/master-eqns -> problems/tth2l_b25.kira-ratracer-eps0/master-eqns
template.kira-ratracer-eps0/export.yaml -> problems/tth2l_b25.kira-ratracer-eps0/export.yaml
template.kira-ratracer-eps0/run.sh -> problems/tth2l_b25.kira-ratracer-eps0/run.sh
template.kira-ratracer-eps0/rat2mat -> problems/tth2l_b25.kira-ratracer-eps0/rat2mat
template.kira-ratracer-eps0/integrals -> problems/tth2l_b25.kira-ratracer-eps0/integrals
template.kira-ratracer-eps0/output-list -> problems/tth2l_b25.kira-ratracer-eps0/output-list
template.kira-ratracer-eps0/config/kinematics.yaml -> problems/tth2l_b25.kira-ratracer-eps0/config/kinematics.yaml
template.kira-ratracer-eps0/config/integralfamilies.yaml -> problems/tth2l_b25.kira-ratracer-eps0/config/integralfamilies.yaml
template.kira-ratracer-eps1/integrals -> problems/tth2l_b25.kira-ratracer-eps1/integrals
template.kira-ratracer-eps1/output-list -> problems/tth2l_b25.kira-ratracer-eps1/output-list
template.kira-ratracer-eps1/run.sh -> problems/tth2l_b25.kira-ratracer-eps1/run.sh
template.kira-ratracer-eps1/master-eqns -> problems/tth2l_b25.kira-ratracer-eps1/master-eqns
template.kira-ratracer-eps1/export.yaml -> problems/tth2l_b25.kira-ratracer-eps1/export.yaml
template.kira-ratracer-eps1/rat2mat -> problems/tth2l_b25.kira-ratracer-eps1/rat2mat
template.kira-ratracer-eps1/config/kinematics.yaml -> problems/tth2l_b25.kira-ratracer-eps1/config/kinematics.yaml
template.kira-ratracer-eps1/config/integralfamilies.yaml -> problems/tth2l_b25.kira-ratracer-eps1/config/integralfamilies.yaml
template.kira-ratracer-eps2/rat2mat -> problems/tth2l_b25.kira-ratracer-eps2/rat2mat
template.kira-ratracer-eps2/run.sh -> problems/tth2l_b25.kira-ratracer-eps2/run.sh
template.kira-ratracer-eps2/output-list -> problems/tth2l_b25.kira-ratracer-eps2/output-list
template.kira-ratracer-eps2/export.yaml -> problems/tth2l_b25.kira-ratracer-eps2/export.yaml
template.kira-ratracer-eps2/master-eqns -> problems/tth2l_b25.kira-ratracer-eps2/master-eqns
template.kira-ratracer-eps2/integrals -> problems/tth2l_b25.kira-ratracer-eps2/integrals
template.kira-ratracer-eps2/config/integralfamilies.yaml -> problems/tth2l_b25.kira-ratracer-eps2/config/integralfamilies.yaml
template.kira-ratracer-eps2/config/kinematics.yaml -> problems/tth2l_b25.kira-ratracer-eps2/config/kinematics.yaml
template.kira-ratracer-eps0-scan/run.sh -> problems/tth2l_b25.kira-ratracer-eps0-scan/run.sh
template.kira-ratracer-eps0-scan/output-list -> problems/tth2l_b25.kira-ratracer-eps0-scan/output-list
template.kira-ratracer-eps0-scan/rat2mat -> problems/tth2l_b25.kira-ratracer-eps0-scan/rat2mat
template.kira-ratracer-eps0-scan/integrals -> problems/tth2l_b25.kira-ratracer-eps0-scan/integrals
template.kira-ratracer-eps0-scan/master-eqns -> problems/tth2l_b25.kira-ratracer-eps0-scan/master-eqns
template.kira-ratracer-eps0-scan/export.yaml -> problems/tth2l_b25.kira-ratracer-eps0-scan/export.yaml
template.kira-ratracer-eps0-scan/config/integralfamilies.yaml -> problems/tth2l_b25.kira-ratracer-eps0-scan/config/integralfamilies.yaml
template.kira-ratracer-eps0-scan/config/kinematics.yaml -> problems/tth2l_b25.kira-ratracer-eps0-scan/config/kinematics.yaml
template.kira-ratracer-eps1-scan/master-eqns -> problems/tth2l_b25.kira-ratracer-eps1-scan/master-eqns
template.kira-ratracer-eps1-scan/export.yaml -> problems/tth2l_b25.kira-ratracer-eps1-scan/export.yaml
template.kira-ratracer-eps1-scan/run.sh -> problems/tth2l_b25.kira-ratracer-eps1-scan/run.sh
template.kira-ratracer-eps1-scan/rat2mat -> problems/tth2l_b25.kira-ratracer-eps1-scan/rat2mat
template.kira-ratracer-eps1-scan/integrals -> problems/tth2l_b25.kira-ratracer-eps1-scan/integrals
template.kira-ratracer-eps1-scan/output-list -> problems/tth2l_b25.kira-ratracer-eps1-scan/output-list
template.kira-ratracer-eps1-scan/config/integralfamilies.yaml -> problems/tth2l_b25.kira-ratracer-eps1-scan/config/integralfamilies.yaml
template.kira-ratracer-eps1-scan/config/kinematics.yaml -> problems/tth2l_b25.kira-ratracer-eps1-scan/config/kinematics.yaml
template.kira-ratracer-eps2-scan/run.sh -> problems/tth2l_b25.kira-ratracer-eps2-scan/run.sh
template.kira-ratracer-eps2-scan/integrals -> problems/tth2l_b25.kira-ratracer-eps2-scan/integrals
template.kira-ratracer-eps2-scan/output-list -> problems/tth2l_b25.kira-ratracer-eps2-scan/output-list
template.kira-ratracer-eps2-scan/export.yaml -> problems/tth2l_b25.kira-ratracer-eps2-scan/export.yaml
template.kira-ratracer-eps2-scan/master-eqns -> problems/tth2l_b25.kira-ratracer-eps2-scan/master-eqns
template.kira-ratracer-eps2-scan/rat2mat -> problems/tth2l_b25.kira-ratracer-eps2-scan/rat2mat
template.kira-ratracer-eps2-scan/config/kinematics.yaml -> problems/tth2l_b25.kira-ratracer-eps2-scan/config/kinematics.yaml
template.kira-ratracer-eps2-scan/config/integralfamilies.yaml -> problems/tth2l_b25.kira-ratracer-eps2-scan/config/integralfamilies.yaml
template.fire/run.sh -> problems/tth2l_b25.fire/run.sh
template.fire/step5.m -> problems/tth2l_b25.fire/step5.m
template.fire/step4.m -> problems/tth2l_b25.fire/step4.m
template.fire/preferred-masters -> problems/tth2l_b25.fire/preferred-masters
template.fire/step1.m -> problems/tth2l_b25.fire/step1.m
template.fire/fire.hint.config -> problems/tth2l_b25.fire/fire.hint.config
template.fire/integrals -> problems/tth2l_b25.fire/integrals
template.fire/step3.m -> problems/tth2l_b25.fire/step3.m
template.fire/step2.m -> problems/tth2l_b25.fire/step2.m
template.fire/fire.config -> problems/tth2l_b25.fire/fire.config
template.fire-nohint/fire.config -> problems/tth2l_b25.fire-nohint/fire.config
template.fire-nohint/step1.m -> problems/tth2l_b25.fire-nohint/step1.m
template.fire-nohint/integrals -> problems/tth2l_b25.fire-nohint/integrals
template.fire-nohint/step2.m -> problems/tth2l_b25.fire-nohint/step2.m
template.fire-nohint/step3.m -> problems/tth2l_b25.fire-nohint/step3.m
template.fire-nohint/preferred-masters -> problems/tth2l_b25.fire-nohint/preferred-masters
template.fire-nohint/step4.m -> problems/tth2l_b25.fire-nohint/step4.m
template.fire-nohint/run.sh -> problems/tth2l_b25.fire-nohint/run.sh
template.kira/integrals -> problems/xbox2l2m.kira/integrals
template.kira/run.sh -> problems/xbox2l2m.kira/run.sh
template.kira/preferred-masters -> problems/xbox2l2m.kira/preferred-masters
template.kira/jobs.yaml -> problems/xbox2l2m.kira/jobs.yaml
template.kira/config/kinematics.yaml -> problems/xbox2l2m.kira/config/kinematics.yaml
template.kira/config/integralfamilies.yaml -> problems/xbox2l2m.kira/config/integralfamilies.yaml
template.kira-firefly/integrals -> problems/xbox2l2m.kira-firefly/integrals
template.kira-firefly/run.sh -> problems/xbox2l2m.kira-firefly/run.sh
template.kira-firefly/jobs.yaml -> problems/xbox2l2m.kira-firefly/jobs.yaml
template.kira-firefly/preferred-masters -> problems/xbox2l2m.kira-firefly/preferred-masters
template.kira-firefly/config/kinematics.yaml -> problems/xbox2l2m.kira-firefly/config/kinematics.yaml
template.kira-firefly/config/integralfamilies.yaml -> problems/xbox2l2m.kira-firefly/config/integralfamilies.yaml
template.kira-ratracer/output-list -> problems/xbox2l2m.kira-ratracer/output-list
template.kira-ratracer/export.yaml -> problems/xbox2l2m.kira-ratracer/export.yaml
template.kira-ratracer/master-eqns -> problems/xbox2l2m.kira-ratracer/master-eqns
template.kira-ratracer/rat2mat -> problems/xbox2l2m.kira-ratracer/rat2mat
template.kira-ratracer/run.sh -> problems/xbox2l2m.kira-ratracer/run.sh
template.kira-ratracer/integrals -> problems/xbox2l2m.kira-ratracer/integrals
template.kira-ratracer/config/integralfamilies.yaml -> problems/xbox2l2m.kira-ratracer/config/integralfamilies.yaml
template.kira-ratracer/config/kinematics.yaml -> problems/xbox2l2m.kira-ratracer/config/kinematics.yaml
template.kira-ratracer-scan/output-list -> problems/xbox2l2m.kira-ratracer-scan/output-list
template.kira-ratracer-scan/master-eqns -> problems/xbox2l2m.kira-ratracer-scan/master-eqns
template.kira-ratracer-scan/export.yaml -> problems/xbox2l2m.kira-ratracer-scan/export.yaml
template.kira-ratracer-scan/integrals -> problems/xbox2l2m.kira-ratracer-scan/integrals
template.kira-ratracer-scan/rat2mat -> problems/xbox2l2m.kira-ratracer-scan/rat2mat
template.kira-ratracer-scan/run.sh -> problems/xbox2l2m.kira-ratracer-scan/run.sh
template.kira-ratracer-scan/config/kinematics.yaml -> problems/xbox2l2m.kira-ratracer-scan/config/kinematics.yaml
template.kira-ratracer-scan/config/integralfamilies.yaml -> problems/xbox2l2m.kira-ratracer-scan/config/integralfamilies.yaml
template.kira-ratracer-eps0/master-eqns -> problems/xbox2l2m.kira-ratracer-eps0/master-eqns
template.kira-ratracer-eps0/export.yaml -> problems/xbox2l2m.kira-ratracer-eps0/export.yaml
template.kira-ratracer-eps0/run.sh -> problems/xbox2l2m.kira-ratracer-eps0/run.sh
template.kira-ratracer-eps0/rat2mat -> problems/xbox2l2m.kira-ratracer-eps0/rat2mat
template.kira-ratracer-eps0/integrals -> problems/xbox2l2m.kira-ratracer-eps0/integrals
template.kira-ratracer-eps0/output-list -> problems/xbox2l2m.kira-ratracer-eps0/output-list
template.kira-ratracer-eps0/config/kinematics.yaml -> problems/xbox2l2m.kira-ratracer-eps0/config/kinematics.yaml
template.kira-ratracer-eps0/config/integralfamilies.yaml -> problems/xbox2l2m.kira-ratracer-eps0/config/integralfamilies.yaml
template.kira-ratracer-eps1/integrals -> problems/xbox2l2m.kira-ratracer-eps1/integrals
template.kira-ratracer-eps1/output-list -> problems/xbox2l2m.kira-ratracer-eps1/output-list
template.kira-ratracer-eps1/run.sh -> problems/xbox2l2m.kira-ratracer-eps1/run.sh
template.kira-ratracer-eps1/master-eqns -> problems/xbox2l2m.kira-ratracer-eps1/master-eqns
template.kira-ratracer-eps1/export.yaml -> problems/xbox2l2m.kira-ratracer-eps1/export.yaml
template.kira-ratracer-eps1/rat2mat -> problems/xbox2l2m.kira-ratracer-eps1/rat2mat
template.kira-ratracer-eps1/config/kinematics.yaml -> problems/xbox2l2m.kira-ratracer-eps1/config/kinematics.yaml
template.kira-ratracer-eps1/config/integralfamilies.yaml -> problems/xbox2l2m.kira-ratracer-eps1/config/integralfamilies.yaml
template.kira-ratracer-eps2/rat2mat -> problems/xbox2l2m.kira-ratracer-eps2/rat2mat
template.kira-ratracer-eps2/run.sh -> problems/xbox2l2m.kira-ratracer-eps2/run.sh
template.kira-ratracer-eps2/output-list -> problems/xbox2l2m.kira-ratracer-eps2/output-list
template.kira-ratracer-eps2/export.yaml -> problems/xbox2l2m.kira-ratracer-eps2/export.yaml
template.kira-ratracer-eps2/master-eqns -> problems/xbox2l2m.kira-ratracer-eps2/master-eqns
template.kira-ratracer-eps2/integrals -> problems/xbox2l2m.kira-ratracer-eps2/integrals
template.kira-ratracer-eps2/config/integralfamilies.yaml -> problems/xbox2l2m.kira-ratracer-eps2/config/integralfamilies.yaml
template.kira-ratracer-eps2/config/kinematics.yaml -> problems/xbox2l2m.kira-ratracer-eps2/config/kinematics.yaml
template.kira-ratracer-eps0-scan/run.sh -> problems/xbox2l2m.kira-ratracer-eps0-scan/run.sh
template.kira-ratracer-eps0-scan/output-list -> problems/xbox2l2m.kira-ratracer-eps0-scan/output-list
template.kira-ratracer-eps0-scan/rat2mat -> problems/xbox2l2m.kira-ratracer-eps0-scan/rat2mat
template.kira-ratracer-eps0-scan/integrals -> problems/xbox2l2m.kira-ratracer-eps0-scan/integrals
template.kira-ratracer-eps0-scan/master-eqns -> problems/xbox2l2m.kira-ratracer-eps0-scan/master-eqns
template.kira-ratracer-eps0-scan/export.yaml -> problems/xbox2l2m.kira-ratracer-eps0-scan/export.yaml
template.kira-ratracer-eps0-scan/config/integralfamilies.yaml -> problems/xbox2l2m.kira-ratracer-eps0-scan/config/integralfamilies.yaml
template.kira-ratracer-eps0-scan/config/kinematics.yaml -> problems/xbox2l2m.kira-ratracer-eps0-scan/config/kinematics.yaml
template.kira-ratracer-eps1-scan/master-eqns -> problems/xbox2l2m.kira-ratracer-eps1-scan/master-eqns
template.kira-ratracer-eps1-scan/export.yaml -> problems/xbox2l2m.kira-ratracer-eps1-scan/export.yaml
template.kira-ratracer-eps1-scan/run.sh -> problems/xbox2l2m.kira-ratracer-eps1-scan/run.sh
template.kira-ratracer-eps1-scan/rat2mat -> problems/xbox2l2m.kira-ratracer-eps1-scan/rat2mat
template.kira-ratracer-eps1-scan/integrals -> problems/xbox2l2m.kira-ratracer-eps1-scan/integrals
template.kira-ratracer-eps1-scan/output-list -> problems/xbox2l2m.kira-ratracer-eps1-scan/output-list
template.kira-ratracer-eps1-scan/config/integralfamilies.yaml -> problems/xbox2l2m.kira-ratracer-eps1-scan/config/integralfamilies.yaml
template.kira-ratracer-eps1-scan/config/kinematics.yaml -> problems/xbox2l2m.kira-ratracer-eps1-scan/config/kinematics.yaml
template.kira-ratracer-eps2-scan/run.sh -> problems/xbox2l2m.kira-ratracer-eps2-scan/run.sh
template.kira-ratracer-eps2-scan/integrals -> problems/xbox2l2m.kira-ratracer-eps2-scan/integrals
template.kira-ratracer-eps2-scan/output-list -> problems/xbox2l2m.kira-ratracer-eps2-scan/output-list
template.kira-ratracer-eps2-scan/export.yaml -> problems/xbox2l2m.kira-ratracer-eps2-scan/export.yaml
template.kira-ratracer-eps2-scan/master-eqns -> problems/xbox2l2m.kira-ratracer-eps2-scan/master-eqns
template.kira-ratracer-eps2-scan/rat2mat -> problems/xbox2l2m.kira-ratracer-eps2-scan/rat2mat
template.kira-ratracer-eps2-scan/config/kinematics.yaml -> problems/xbox2l2m.kira-ratracer-eps2-scan/config/kinematics.yaml
template.kira-ratracer-eps2-scan/config/integralfamilies.yaml -> problems/xbox2l2m.kira-ratracer-eps2-scan/config/integralfamilies.yaml
template.fire/run.sh -> problems/xbox2l2m.fire/run.sh
template.fire/step5.m -> problems/xbox2l2m.fire/step5.m
template.fire/step4.m -> problems/xbox2l2m.fire/step4.m
template.fire/preferred-masters -> problems/xbox2l2m.fire/preferred-masters
template.fire/step1.m -> problems/xbox2l2m.fire/step1.m
template.fire/fire.hint.config -> problems/xbox2l2m.fire/fire.hint.config
template.fire/integrals -> problems/xbox2l2m.fire/integrals
template.fire/step3.m -> problems/xbox2l2m.fire/step3.m
template.fire/step2.m -> problems/xbox2l2m.fire/step2.m
template.fire/fire.config -> problems/xbox2l2m.fire/fire.config
template.fire-nohint/fire.config -> problems/xbox2l2m.fire-nohint/fire.config
template.fire-nohint/step1.m -> problems/xbox2l2m.fire-nohint/step1.m
template.fire-nohint/integrals -> problems/xbox2l2m.fire-nohint/integrals
template.fire-nohint/step2.m -> problems/xbox2l2m.fire-nohint/step2.m
template.fire-nohint/step3.m -> problems/xbox2l2m.fire-nohint/step3.m
template.fire-nohint/preferred-masters -> problems/xbox2l2m.fire-nohint/preferred-masters
template.fire-nohint/step4.m -> problems/xbox2l2m.fire-nohint/step4.m
template.fire-nohint/run.sh -> problems/xbox2l2m.fire-nohint/run.sh
